[appminhacoroa.site/index.html]
[backblue.gif]
[fade.gif]
[index.html]
[cdn.utmify.com.br/scripts/pixel/pixel.js]
[cdn.utmify.com.br/scripts/utms/latest.js]
[appminhacoroa.site/wp-content/themes/hello-elementor/style.min.2.delayed]
[appminhacoroa.site/wp-content/themes/hello-elementor/theme.min.3.delayed]
[appminhacoroa.site/wp-content/themes/hello-elementor/header-footer.min.4.delayed]
[appminhacoroa.site/wp-content/plugins/elementor/assets/css/frontend.min.5.delayed]
[appminhacoroa.site/wp-content/uploads/elementor/css/post-7.6.delayed]
[appminhacoroa.site/wp-content/plugins/elementor/assets/lib/eicons/css/elementor-icons.min.7.delayed]
[appminhacoroa.site/wp-content/plugins/elementor-pro/assets/css/frontend.min.8.delayed]
[appminhacoroa.site/wp-content/uploads/elementor/css/post-1076.9.delayed]
[appminhacoroa.site/wp-content/uploads/elementor/google-fonts/css/roboto.a.delayed]
[appminhacoroa.site/wp-content/uploads/2025/04/logoCoroa.png]
[appminhacoroa.site/bem-vindo.html]
[appminhacoroa.site/wp-content/themes/hello-elementor/assets/js/hello-frontend.min.e.delayed]
[appminhacoroa.site/wp-content/plugins/elementor-pro/assets/js/webpack-pro.runtime.min.f.delayed]
[appminhacoroa.site/wp-content/plugins/elementor/assets/js/webpack.runtime.min.js]
[appminhacoroa.site/wp-includes/js/jquery/jquery.min.js]
[appminhacoroa.site/wp-includes/js/jquery/jquery-migrate.min.js]
[appminhacoroa.site/wp-content/plugins/elementor/assets/js/frontend-modules.min.js]
[appminhacoroa.site/wp-includes/js/dist/hooks.min.js]
[appminhacoroa.site/wp-includes/js/dist/i18n.min.js]
[appminhacoroa.site/wp-content/plugins/elementor-pro/assets/js/frontend.min.16.delayed]
[appminhacoroa.site/wp-includes/js/jquery/ui/core.min.js]
[appminhacoroa.site/wp-content/plugins/elementor/assets/js/frontend.min.js]
[appminhacoroa.site/wp-content/plugins/elementor-pro/assets/js/preloaded-elements-handlers.min.19.delayed]
[appminhacoroa.site/index.html]
[appminhacoroa.site/wp-content/themes/hello-elementor/style.min.html]
[appminhacoroa.site/wp-content/themes/hello-elementor/theme.min.html]
[appminhacoroa.site/wp-content/themes/hello-elementor/header-footer.min.html]
[appminhacoroa.site/wp-content/plugins/elementor/assets/css/frontend.min.html]
[appminhacoroa.site/wp-content/uploads/elementor/css/post-7.html]
[appminhacoroa.site/wp-content/plugins/elementor/assets/lib/eicons/css/elementor-icons.min.html]
[appminhacoroa.site/wp-content/plugins/elementor-pro/assets/css/frontend.min.html]
[appminhacoroa.site/wp-content/uploads/elementor/css/post-1076.html]
[appminhacoroa.site/wp-content/uploads/elementor/google-fonts/css/roboto.html]
[appminhacoroa.site/wp-content/uploads/elementor/google-fonts/css/robotoslab.css_link rel=_https_/api.w.org/_ href=_https_/minhacoroaplus.site/wp-json/_/__link rel=_alternate_ title=_JSO/xmlrpc.b7ac1.delaye]
[appminhacoroa.site/wp-content/uploads/elementor/css/post-489.1b.delayed]
[appminhacoroa.site/wp-content/uploads/elementor/google-fonts/css/robotoslab.csslink rel=_https_/api.w.org/_ href=_https_/minhacoroaplus.site/wp-json/_/link rel=_alternate_ title=_JSON_/xmlrpc.1a51fd.delaye]
[appminhacoroa.site/wp-content/uploads/2025/05/fundo-scaled-1.png]
[appminhacoroa.site/wp-content/uploads/2025/04/logoCoroa-4.png]
[appminhacoroa.site/registro.html]
[appminhacoroa.site/wp-content/uploads/2025/04/pablo.png]
[appminhacoroa.site/wp-content/uploads/2025/04/jailson.png]
[appminhacoroa.site/wp-content/uploads/2025/04/luciano.png]
[appminhacoroa.site/wp-content/uploads/2025/04/augusto.png]
[appminhacoroa.site/wp-content/uploads/2025/04/heleno.png]
[appminhacoroa.site/bem-vindo.html]
[appminhacoroa.site/wp-content/themes/hello-elementor/assets/js/hello-frontend.min.html]
[appminhacoroa.site/wp-content/plugins/elementor-pro/assets/js/webpack-pro.runtime.min.html]
[appminhacoroa.site/wp-content/plugins/elementor-pro/assets/js/frontend.min.html]
[appminhacoroa.site/wp-content/plugins/elementor-pro/assets/js/preloaded-elements-handlers.min.html]
[appminhacoroa.site/wp-content/uploads/elementor/google-fonts/css/robotoslab.csslink rel=_https_/api.w.org/_ href=_https_/minhacoroaplus.site/wp-json/_/link rel=_alternate_ title=_JSON_/xmlrpc.1a51fd.delaye]
[appminhacoroa.site/wp-content/uploads/elementor/css/post-489.html]
[appminhacoroa.site/wp-content/uploads/elementor/google-fonts/css/robotoslab.css_link rel=_https_/api.w.org/_ href=_https_/minhacoroaplus.site/wp-json/_/__link rel=_alternate_ title=_JS/xmlrpc.1c7ac1.delaye]
[appminhacoroa.site/wp-content/uploads/elementor/css/post-553.26.delayed]
[appminhacoroa.site/wp-content/uploads/elementor/google-fonts/css/robotoslab.csslink rel=_https_/api.w.org/_ href=_https_/minhacoroaplus.site/wp-json/_/link rel=_alternate_ title=_JSON_/xmlrpc.2551fd.delaye]
[appminhacoroa.site/wp-content/uploads/2025/04/logoregistro.png]
[appminhacoroa.site/registro.html]
[appminhacoroa.site/wp-content/uploads/elementor/google-fonts/css/robotoslab.csslink rel=_https_/api.w.org/_ href=_https_/minhacoroaplus.site/wp-json/_/link rel=_alternate_ title=_JSON_/xmlrpc.2551fd.delaye]
[appminhacoroa.site/wp-content/uploads/elementor/css/post-553.html]
[appminhacoroa.site/wp-content/uploads/elementor/google-fonts/css/robotoslab.css_link rel=_https_/api.w.org/_ href=_https_/minhacoroaplus.site/wp-json/_/__link rel=_alternate_ title=_JS/xmlrpc.277ac1.delaye]
[appminhacoroa.site/editar-perfil.html]
[appminhacoroa.site/wp-content/uploads/elementor/css/post-8.2b.delayed]
[appminhacoroa.site/wp-content/uploads/elementor/google-fonts/css/robotoslab.csslink rel=_https_/api.w.org/_ href=_https_/minhacoroaplus.site/wp-json/_/link rel=_alternate_ title=_JSON_/xmlrpc.2a51fd.delaye]
[appminhacoroa.site/editar-perfil.html]
[appminhacoroa.site/wp-content/uploads/elementor/google-fonts/css/robotoslab.csslink rel=_https_/api.w.org/_ href=_https_/minhacoroaplus.site/wp-json/_/link rel=_alternate_ title=_JSON_/xmlrpc.2a51fd.delaye]
[appminhacoroa.site/wp-content/uploads/elementor/css/post-8.html]
[appminhacoroa.site/wp-content/uploads/elementor/google-fonts/css/robotoslab.css_link rel=_https_/api.w.org/_ href=_https_/minhacoroaplus.site/wp-json/_/__link rel=_alternate_ title=_JS/xmlrpc.2c7ac1.delaye]
[appminhacoroa.site/inicial.html]
[appminhacoroa.site/wp-content/uploads/elementor/google-fonts/css/robotoslab.csslink rel=_https_/api.w.org/_ href=_https_/minhacoroaplus.site/wp-json/_/link rel=_alternate_ title=_JSON_/xmlrpc.2e51fd.delaye]
[appminhacoroa.site/wp-content/uploads/elementor/css/post-110.2f.delayed]
[appminhacoroa.site/wp-content/uploads/2025/04/coracao.png]
[appminhacoroa.site/wp-content/uploads/2025/05/1.jpg]
[appminhacoroa.site/wp-content/uploads/2025/05/11.jpg]
[appminhacoroa.site/wp-content/uploads/2025/04/393a7d8e436bccc3aedfd43865b48890-icone-de-cadeado.png]
[appminhacoroa.site/index-2.html]
[appminhacoroa.site/wp-content/uploads/2025/05/2.jpg]
[appminhacoroa.site/wp-content/uploads/2025/05/22.jpg]
[appminhacoroa.site/wp-content/uploads/2025/05/10.jpg]
[appminhacoroa.site/wp-content/uploads/2025/05/1010.jpg]
[appminhacoroa.site/wp-content/uploads/2025/05/4.jpg]
[appminhacoroa.site/wp-content/uploads/2025/05/44.jpg]
[appminhacoroa.site/wp-content/uploads/2025/05/5.jpg]
[appminhacoroa.site/wp-content/uploads/2025/05/55.png]
[appminhacoroa.site/wp-content/uploads/2025/05/6.jpg]
[appminhacoroa.site/wp-content/uploads/2025/05/66.jpg]
[appminhacoroa.site/wp-content/uploads/2025/05/7.jpg]
[appminhacoroa.site/wp-content/uploads/2025/05/77.jpg]
[appminhacoroa.site/wp-content/uploads/2025/05/8.jpg]
[appminhacoroa.site/wp-content/uploads/2025/05/88.jpg]
[appminhacoroa.site/wp-content/uploads/2025/05/9.jpg]
[appminhacoroa.site/wp-content/uploads/2025/05/99.jpg]
[appminhacoroa.site/wp-content/uploads/2025/05/3.jpg]
[appminhacoroa.site/wp-content/uploads/2025/05/33.jpg]
[appminhacoroa.site/wp-content/uploads/2025/05/11L.jpg]
[appminhacoroa.site/wp-content/uploads/2025/05/111L.jpg]
[appminhacoroa.site/wp-content/uploads/2025/05/12J.jpg]
[appminhacoroa.site/wp-content/uploads/2025/05/122J.jpg]
[appminhacoroa.site/wp-content/uploads/2025/05/13P.jpg]
[appminhacoroa.site/wp-content/uploads/2025/05/133P.jpg]
[appminhacoroa.site/inicial.html]
[appminhacoroa.site/wp-content/uploads/elementor/google-fonts/css/robotoslab.csslink rel=_https_/api.w.org/_ href=_https_/minhacoroaplus.site/wp-json/_/link rel=_alternate_ title=_JSON_/xmlrpc.2e51fd.delaye]
[appminhacoroa.site/wp-content/uploads/elementor/css/post-110.html]
[appminhacoroa.site/wp-content/uploads/elementor/google-fonts/css/robotoslab.css_link rel=_https_/api.w.org/_ href=_https_/minhacoroaplus.site/wp-json/_/__link rel=_alternate_ title=_JS/xmlrpc.307ac1.delaye]
[appminhacoroa.site/index-2.html]
[appminhacoroa.site/chat/index.html]
[appminhacoroa.site/wp-content/uploads/elementor/google-fonts/css/robotoslab.csslink rel=_https_/api.w.org/_ href=_https_/minhacoroaplus.site/wp-json/_/link rel=_alternate_ title=_JSON_/xmlrpc.4f51fd.delaye]
[appminhacoroa.site/wp-content/themes/hello-elementor/style.min9b70.509b70.delayed]
[appminhacoroa.site/wp-content/themes/hello-elementor/theme.min9b70.519b70.delayed]
[appminhacoroa.site/wp-content/themes/hello-elementor/header-footer.min9b70.529b70.delayed]
[appminhacoroa.site/wp-content/plugins/elementor/assets/css/frontend.min87cc.5387cc.delayed]
[appminhacoroa.site/wp-content/uploads/elementor/css/post-73c15.543c15.delayed]
[appminhacoroa.site/wp-content/plugins/elementor/assets/lib/eicons/css/elementor-icons.min4e44.554e44.delayed]
[appminhacoroa.site/wp-content/plugins/elementor-pro/assets/css/frontend.min6b60.566b60.delayed]
[appminhacoroa.site/wp-content/uploads/elementor/css/post-584c131.57c131.delayed]
[appminhacoroa.site/wp-content/uploads/elementor/google-fonts/css/roboto82d2.5882d2.delayed]
[appminhacoroa.site/wp-content/uploads/elementor/google-fonts/css/robotoslabcff1.59cff1.delayed]
[appminhacoroa.site/chat/index-2.html]
[appminhacoroa.site/wp-content/uploads/2025/04/fundochat.jpg]
[appminhacoroa.site/wp-content/uploads/2025/04/logochat.png]
[appminhacoroa.site/wp-content/uploads/2025/04/1.5d.delayed]
[appminhacoroa.site/wp-content/themes/hello-elementor/assets/js/hello-frontend.min9b70.5e9b70.delayed]
[appminhacoroa.site/wp-content/plugins/elementor-pro/assets/js/webpack-pro.runtime.min6b60.5f6b60.delayed]
[appminhacoroa.site/wp-content/plugins/elementor/assets/js/webpack.runtime.min87cc.6087cc.delayed]
[appminhacoroa.site/wp-includes/js/jquery/jquery.minf43b.61f43b.delayed]
[appminhacoroa.site/wp-includes/js/jquery/jquery-migrate.min5589.625589.delayed]
[appminhacoroa.site/wp-content/plugins/elementor/assets/js/frontend-modules.min87cc.6387cc.delayed]
[appminhacoroa.site/wp-includes/js/dist/hooks.min4fdd.644fdd.delayed]
[appminhacoroa.site/wp-includes/js/dist/i18n.minc33c.65c33c.delayed]
[appminhacoroa.site/wp-content/plugins/elementor-pro/assets/js/frontend.min6b60.666b60.delayed]
[appminhacoroa.site/wp-includes/js/jquery/ui/core.minb37e.67b37e.delayed]
[appminhacoroa.site/wp-content/plugins/elementor/assets/js/frontend.min87cc.6887cc.delayed]
[appminhacoroa.site/wp-content/plugins/elementor-pro/assets/js/preloaded-elements-handlers.min6b60.696b60.delayed]
[appminhacoroa.site/chat/index.html]
[appminhacoroa.site/wp-content/uploads/elementor/google-fonts/css/robotoslab.csslink rel=_https_/api.w.org/_ href=_https_/minhacoroaplus.site/wp-json/_/link rel=_alternate_ title=_JSON_/xmlrpc.4f51fd.delaye]
[appminhacoroa.site/wp-content/themes/hello-elementor/style.min9b709b70.html]
[appminhacoroa.site/wp-content/themes/hello-elementor/theme.min9b709b70.html]
[appminhacoroa.site/wp-content/themes/hello-elementor/header-footer.min9b709b70.html]
[appminhacoroa.site/wp-content/plugins/elementor/assets/css/frontend.min87cc87cc.html]
[appminhacoroa.site/wp-content/uploads/elementor/css/post-73c153c15.html]
[appminhacoroa.site/wp-content/plugins/elementor/assets/lib/eicons/css/elementor-icons.min4e444e44.html]
[appminhacoroa.site/wp-content/plugins/elementor-pro/assets/css/frontend.min6b606b60.html]
[appminhacoroa.site/wp-content/uploads/elementor/css/post-584c131c131.html]
[appminhacoroa.site/wp-content/uploads/elementor/google-fonts/css/roboto82d282d2.html]
[appminhacoroa.site/wp-content/uploads/elementor/google-fonts/css/robotoslabcff1cff1.html]
[appminhacoroa.site/chat/index-2.html]
[appminhacoroa.site/wp-content/uploads/2025/04/1.html]
[appminhacoroa.site/wp-content/themes/hello-elementor/assets/js/hello-frontend.min9b709b70.html]
[appminhacoroa.site/wp-content/plugins/elementor-pro/assets/js/webpack-pro.runtime.min6b606b60.html]
[appminhacoroa.site/wp-content/plugins/elementor/assets/js/webpack.runtime.min87cc87cc.html]
[appminhacoroa.site/wp-includes/js/jquery/jquery.minf43bf43b.html]
[appminhacoroa.site/wp-includes/js/jquery/jquery-migrate.min55895589.html]
[appminhacoroa.site/wp-content/plugins/elementor/assets/js/frontend-modules.min87cc87cc.html]
[appminhacoroa.site/wp-includes/js/dist/hooks.min4fdd4fdd.html]
[appminhacoroa.site/wp-includes/js/dist/i18n.minc33cc33c.html]
[appminhacoroa.site/wp-content/plugins/elementor-pro/assets/js/frontend.min6b606b60.html]
[appminhacoroa.site/wp-includes/js/jquery/ui/core.minb37eb37e.html]
[appminhacoroa.site/wp-content/plugins/elementor/assets/js/frontend.min87cc87cc.html]
[appminhacoroa.site/wp-content/plugins/elementor-pro/assets/js/preloaded-elements-handlers.min6b606b60.html]
